[www.radiustheme.com/demo/html/newsedge/index.html]
[backblue.gif]
[fade.gif]
[index.html]
[www.radiustheme.com/demo/html/newsedge/img/favicon.png]
[www.radiustheme.com/demo/html/newsedge/css/normalize.css]
[www.radiustheme.com/demo/html/newsedge/css/main.css]
[www.radiustheme.com/demo/html/newsedge/css/bootstrap.min.css]
[www.radiustheme.com/demo/html/newsedge/css/animate.min.css]
[www.radiustheme.com/demo/html/newsedge/css/font-awesome.min.css]
[www.radiustheme.com/demo/html/newsedge/css/meanmenu.min.css]
[www.radiustheme.com/demo/html/newsedge/css/hover-min.css]
[www.radiustheme.com/demo/html/newsedge/style.css]
[www.radiustheme.com/demo/html/newsedge/js/modernizr-2.8.3.min.js]
[www.radiustheme.com/demo/html/newsedge/newsedge/index.html]
[www.radiustheme.com/demo/html/newsedge/img/logo.png]
[www.radiustheme.com/demo/html/newsedge/newsedge/index2.html]
[www.radiustheme.com/demo/html/newsedge/newsedge/index3.html]
[www.radiustheme.com/demo/html/newsedge/newsedge/index4.html]
[www.radiustheme.com/demo/html/newsedge/newsedge/index5.html]
[www.radiustheme.com/demo/html/newsedge/newsedge/index6.html]
[www.radiustheme.com/demo/html/newsedge/newsedge/index7.html]
[www.radiustheme.com/demo/html/newsedge/newsedge/author-post.html]
[www.radiustheme.com/demo/html/newsedge/newsedge/archive.html]
[www.radiustheme.com/demo/html/newsedge/newsedge/gallery-style-1.html]
[www.radiustheme.com/demo/html/newsedge/newsedge/gallery-style-2.html]
[www.radiustheme.com/demo/html/newsedge/newsedge/404.html]
[www.radiustheme.com/demo/html/newsedge/newsedge/post-style-1.html]
[www.radiustheme.com/demo/html/newsedge/newsedge/post-style-2.html]
[www.radiustheme.com/demo/html/newsedge/newsedge/post-style-3.html]
[www.radiustheme.com/demo/html/newsedge/newsedge/post-style-4.html]
[www.radiustheme.com/demo/html/newsedge/newsedge/single-news-1.html]
[www.radiustheme.com/demo/html/newsedge/newsedge/single-news-2.html]
[www.radiustheme.com/demo/html/newsedge/newsedge/single-news-3.html]
[www.radiustheme.com/demo/html/newsedge/newsedge/contact.html]
[external.html]
[www.radiustheme.com/demo/html/newsedge/img/banner/banner1.jpg]
[www.radiustheme.com/demo/html/newsedge/img/banner/banner-logo.png]
[www.radiustheme.com/demo/html/newsedge/img/banner/banner2.jpg]
[www.radiustheme.com/demo/html/newsedge/img/product/home1.jpg]
[www.radiustheme.com/demo/html/newsedge/img/product/home2.jpg]
[www.radiustheme.com/demo/html/newsedge/img/product/home3.jpg]
[www.radiustheme.com/demo/html/newsedge/img/product/home4.jpg]
[www.radiustheme.com/demo/html/newsedge/img/product/home5.jpg]
[www.radiustheme.com/demo/html/newsedge/img/product/home6.jpg]
[www.radiustheme.com/demo/html/newsedge/img/product/home7.jpg]
[www.radiustheme.com/demo/html/newsedge/img/product/soon.jpg]
[www.radiustheme.com/demo/html/newsedge/img/banner/inner.png]
[www.radiustheme.com/demo/html/newsedge/img/banner/about1.png]
[www.radiustheme.com/demo/html/newsedge/img/banner/about2.png]
[www.radiustheme.com/demo/html/newsedge/img/banner/about3.png]
[www.radiustheme.com/demo/html/newsedge/js/jquery-2.2.4.min.js]
[www.radiustheme.com/demo/html/newsedge/js/plugins.js]
[www.radiustheme.com/demo/html/newsedge/js/bootstrap.min.js]
[www.radiustheme.com/demo/html/newsedge/js/wow.min.js]
[www.radiustheme.com/demo/html/newsedge/js/jquery.meanmenu.min.js]
[www.radiustheme.com/demo/html/newsedge/js/jquery.scrollUp.min.js]
[www.radiustheme.com/demo/html/newsedge/js/main.js]
[www.radiustheme.com/demo/html/newsedge/index.html]
[www.radiustheme.com/demo/html/newsedge/newsedge/img/favicon.png]
[www.radiustheme.com/demo/html/newsedge/newsedge/css/normalize.css]
[www.radiustheme.com/demo/html/newsedge/newsedge/css/main.css]
[www.radiustheme.com/demo/html/newsedge/newsedge/css/bootstrap.min.css]
[www.radiustheme.com/demo/html/newsedge/newsedge/css/animate.min.css]
[www.radiustheme.com/demo/html/newsedge/newsedge/css/font-awesome.min.css]
[www.radiustheme.com/demo/html/newsedge/newsedge/vendor/OwlCarousel/owl.carousel.min.css]
[www.radiustheme.com/demo/html/newsedge/newsedge/vendor/OwlCarousel/owl.theme.default.min.css]
[www.radiustheme.com/demo/html/newsedge/newsedge/css/meanmenu.min.css]
[www.radiustheme.com/demo/html/newsedge/newsedge/css/magnific-popup.css]
[www.radiustheme.com/demo/html/newsedge/newsedge/css/hover-min.css]
[www.radiustheme.com/demo/html/newsedge/newsedge/style.css]
[www.radiustheme.com/demo/html/newsedge/newsedge/css/ie-only.css]
[www.radiustheme.com/demo/html/newsedge/newsedge/js/modernizr-2.8.3.min.js]
[www.radiustheme.com/demo/html/newsedge/newsedge/img/logo.png]
[www.radiustheme.com/demo/html/newsedge/newsedge/img/news/news1.jpg]
[www.radiustheme.com/demo/html/newsedge/newsedge/img/news/news2.jpg]
[www.radiustheme.com/demo/html/newsedge/newsedge/img/news/news3.jpg]
[www.radiustheme.com/demo/html/newsedge/newsedge/img/news/news4.jpg]
[www.radiustheme.com/demo/html/newsedge/newsedge/img/news/news5.jpg]
[www.radiustheme.com/demo/html/newsedge/newsedge/img/news/news6.jpg]
[www.radiustheme.com/demo/html/newsedge/newsedge/img/news/news7.jpg]
[www.radiustheme.com/demo/html/newsedge/newsedge/img/news/news8.jpg]
[www.radiustheme.com/demo/html/newsedge/newsedge/img/news/news9.jpg]
[www.radiustheme.com/demo/html/newsedge/newsedge/img/news/news46.jpg]
[www.radiustheme.com/demo/html/newsedge/newsedge/img/news/news48.jpg]
[www.radiustheme.com/demo/html/newsedge/newsedge/img/news/news49.jpg]
[www.radiustheme.com/demo/html/newsedge/newsedge/img/news/news10.jpg]
[www.radiustheme.com/demo/html/newsedge/newsedge/img/news/news11.jpg]
[www.radiustheme.com/demo/html/newsedge/newsedge/img/news/news12.jpg]
[www.radiustheme.com/demo/html/newsedge/newsedge/img/news/news13.jpg]
[www.radiustheme.com/demo/html/newsedge/newsedge/img/news/news14.jpg]
[www.radiustheme.com/demo/html/newsedge/newsedge/img/news/news15.jpg]
[www.radiustheme.com/demo/html/newsedge/newsedge/img/banner/banner3.jpg]
[www.radiustheme.com/demo/html/newsedge/newsedge/img/news/news42.jpg]
[www.radiustheme.com/demo/html/newsedge/newsedge/img/news/news43.jpg]
[www.radiustheme.com/demo/html/newsedge/newsedge/img/news/news44.jpg]
[www.radiustheme.com/demo/html/newsedge/newsedge/img/news/news45.jpg]
[www.radiustheme.com/demo/html/newsedge/newsedge/img/banner/banner2.jpg]
[www.radiustheme.com/demo/html/newsedge/newsedge/img/banner/play.png]
[www.radiustheme.com/demo/html/newsedge/newsedge/img/news/news16.jpg]
[www.radiustheme.com/demo/html/newsedge/newsedge/img/news/news17.jpg]
[www.radiustheme.com/demo/html/newsedge/newsedge/img/news/news18.jpg]
[www.radiustheme.com/demo/html/newsedge/newsedge/img/news/news19.jpg]
[www.radiustheme.com/demo/html/newsedge/newsedge/img/news/news20.jpg]
[www.radiustheme.com/demo/html/newsedge/newsedge/img/news/news21.jpg]
[www.radiustheme.com/demo/html/newsedge/newsedge/img/news/news22.jpg]
[www.radiustheme.com/demo/html/newsedge/newsedge/img/news/news23.jpg]
[www.radiustheme.com/demo/html/newsedge/newsedge/img/news/news24.jpg]
[www.radiustheme.com/demo/html/newsedge/newsedge/img/news/news25.jpg]
[www.radiustheme.com/demo/html/newsedge/newsedge/img/news/news26.jpg]
[www.radiustheme.com/demo/html/newsedge/newsedge/img/news/news27.jpg]
[www.radiustheme.com/demo/html/newsedge/newsedge/img/news/news28.jpg]
[www.radiustheme.com/demo/html/newsedge/newsedge/img/news/news29.jpg]
[www.radiustheme.com/demo/html/newsedge/newsedge/img/news/news30.jpg]
[www.radiustheme.com/demo/html/newsedge/newsedge/img/news/news31.jpg]
[www.radiustheme.com/demo/html/newsedge/newsedge/img/news/news32.jpg]
[www.radiustheme.com/demo/html/newsedge/newsedge/img/news/news33.jpg]
[www.radiustheme.com/demo/html/newsedge/newsedge/img/news/news34.jpg]
[www.radiustheme.com/demo/html/newsedge/newsedge/img/news/news35.jpg]
[www.radiustheme.com/demo/html/newsedge/newsedge/img/news/news36.jpg]
[www.radiustheme.com/demo/html/newsedge/newsedge/img/news/news37.jpg]
[www.radiustheme.com/demo/html/newsedge/newsedge/img/news/news51.jpg]
[www.radiustheme.com/demo/html/newsedge/newsedge/img/news/news50.jpg]
[www.radiustheme.com/demo/html/newsedge/newsedge/img/news/news52.jpg]
[www.radiustheme.com/demo/html/newsedge/newsedge/img/news/news38.jpg]
[www.radiustheme.com/demo/html/newsedge/newsedge/img/news/news39.jpg]
[www.radiustheme.com/demo/html/newsedge/newsedge/img/news/news40.jpg]
[www.radiustheme.com/demo/html/newsedge/newsedge/img/news/news41.jpg]
[www.radiustheme.com/demo/html/newsedge/newsedge/img/banner/banner6.jpg]
[www.radiustheme.com/demo/html/newsedge/newsedge/img/banner/newsletter.png]
[www.radiustheme.com/demo/html/newsedge/newsedge/img/category/ctg1.jpg]
[www.radiustheme.com/demo/html/newsedge/newsedge/img/category/ctg2.jpg]
[www.radiustheme.com/demo/html/newsedge/newsedge/img/category/ctg3.jpg]
[www.radiustheme.com/demo/html/newsedge/newsedge/img/category/ctg4.jpg]
[www.radiustheme.com/demo/html/newsedge/newsedge/img/category/ctg5.jpg]
[www.radiustheme.com/demo/html/newsedge/newsedge/img/category/ctg6.jpg]
[www.radiustheme.com/demo/html/newsedge/newsedge/img/footer/post1.jpg]
[www.radiustheme.com/demo/html/newsedge/newsedge/img/footer/post2.jpg]
[www.radiustheme.com/demo/html/newsedge/newsedge/img/footer/post3.jpg]
[www.radiustheme.com/demo/html/newsedge/newsedge/gallery-style1.html]
[www.radiustheme.com/demo/html/newsedge/newsedge/img/footer/post4.jpg]
[www.radiustheme.com/demo/html/newsedge/newsedge/gallery-style2.html]
[www.radiustheme.com/demo/html/newsedge/newsedge/img/footer/post5.jpg]
[www.radiustheme.com/demo/html/newsedge/newsedge/img/footer/post6.jpg]
[www.radiustheme.com/demo/html/newsedge/newsedge/img/footer/post7.jpg]
[www.radiustheme.com/demo/html/newsedge/newsedge/img/footer/post8.jpg]
[www.radiustheme.com/demo/html/newsedge/newsedge/img/footer/post9.jpg]
[www.radiustheme.com/demo/html/newsedge/newsedge/img/footer/post10.jpg]
[www.radiustheme.com/demo/html/newsedge/newsedge/img/footer/post11.jpg]
[www.radiustheme.com/demo/html/newsedge/newsedge/img/footer/post12.jpg]
[www.radiustheme.com/demo/html/newsedge/newsedge/index8.html]
[www.radiustheme.com/demo/html/newsedge/newsedge/js/jquery-2.2.4.min.js]
[www.radiustheme.com/demo/html/newsedge/newsedge/js/plugins.js]
[www.radiustheme.com/demo/html/newsedge/newsedge/js/popper.js]
[www.radiustheme.com/demo/html/newsedge/newsedge/js/bootstrap.min.js]
[www.radiustheme.com/demo/html/newsedge/newsedge/js/wow.min.js]
[www.radiustheme.com/demo/html/newsedge/newsedge/vendor/OwlCarousel/owl.carousel.min.js]
[www.radiustheme.com/demo/html/newsedge/newsedge/js/jquery.meanmenu.min.js]
[www.radiustheme.com/demo/html/newsedge/newsedge/js/jquery.scrollUp.min.js]
[www.radiustheme.com/demo/html/newsedge/newsedge/js/jquery.counterup.min.js]
[www.radiustheme.com/demo/html/newsedge/newsedge/js/waypoints.min.js]
[www.radiustheme.com/demo/html/newsedge/newsedge/js/isotope.pkgd.min.js]
[www.radiustheme.com/demo/html/newsedge/newsedge/js/jquery.magnific-popup.min.js]
[www.radiustheme.com/demo/html/newsedge/newsedge/js/ticker.js]
[www.radiustheme.com/demo/html/newsedge/newsedge/js/main.js]
[www.radiustheme.com/demo/html/newsedge/newsedge/index.html]
[www.radiustheme.com/demo/html/newsedge/newsedge/img/logo-dark.png]
[www.radiustheme.com/demo/html/newsedge/newsedge/img/news/news73.jpg]
[www.radiustheme.com/demo/html/newsedge/newsedge/img/news/news74.jpg]
[www.radiustheme.com/demo/html/newsedge/newsedge/img/news/news75.jpg]
[www.radiustheme.com/demo/html/newsedge/newsedge/img/news/news76.jpg]
[www.radiustheme.com/demo/html/newsedge/newsedge/img/news/news77.jpg]
[www.radiustheme.com/demo/html/newsedge/newsedge/img/news/news78.jpg]
[www.radiustheme.com/demo/html/newsedge/newsedge/img/news/news79.jpg]
[www.radiustheme.com/demo/html/newsedge/newsedge/img/news/news80.jpg]
[www.radiustheme.com/demo/html/newsedge/newsedge/img/news/news81.jpg]
[www.radiustheme.com/demo/html/newsedge/newsedge/img/news/news82.jpg]
[www.radiustheme.com/demo/html/newsedge/newsedge/img/news/news69.jpg]
[www.radiustheme.com/demo/html/newsedge/newsedge/img/news/news70.jpg]
[www.radiustheme.com/demo/html/newsedge/newsedge/img/news/news71.jpg]
[www.radiustheme.com/demo/html/newsedge/newsedge/img/news/news72.jpg]
[www.radiustheme.com/demo/html/newsedge/newsedge/img/banner/banner11.jpg]
[www.radiustheme.com/demo/html/newsedge/newsedge/img/news/news83.jpg]
[www.radiustheme.com/demo/html/newsedge/newsedge/img/news/news84.jpg]
[www.radiustheme.com/demo/html/newsedge/newsedge/img/news/news85.jpg]
[www.radiustheme.com/demo/html/newsedge/newsedge/img/news/news86.jpg]
[www.radiustheme.com/demo/html/newsedge/newsedge/img/news/news66.jpg]
[www.radiustheme.com/demo/html/newsedge/newsedge/img/news/news67.jpg]
[www.radiustheme.com/demo/html/newsedge/newsedge/img/news/news68.jpg]
[www.radiustheme.com/demo/html/newsedge/newsedge/img/news/news61.jpg]
[www.radiustheme.com/demo/html/newsedge/newsedge/img/news/news62.jpg]
[www.radiustheme.com/demo/html/newsedge/newsedge/img/news/news63.jpg]
[www.radiustheme.com/demo/html/newsedge/newsedge/img/news/news64.jpg]
[www.radiustheme.com/demo/html/newsedge/newsedge/img/news/news65.jpg]
[www.radiustheme.com/demo/html/newsedge/newsedge/img/news/news53.jpg]
[www.radiustheme.com/demo/html/newsedge/newsedge/img/news/news54.jpg]
[www.radiustheme.com/demo/html/newsedge/newsedge/img/news/news55.jpg]
[www.radiustheme.com/demo/html/newsedge/newsedge/img/news/news56.jpg]
[www.radiustheme.com/demo/html/newsedge/newsedge/img/news/news57.jpg]
[www.radiustheme.com/demo/html/newsedge/newsedge/img/news/news58.jpg]
[www.radiustheme.com/demo/html/newsedge/newsedge/img/news/news59.jpg]
[www.radiustheme.com/demo/html/newsedge/newsedge/index2.html]
[www.radiustheme.com/demo/html/newsedge/newsedge/img/news/news128.jpg]
[www.radiustheme.com/demo/html/newsedge/newsedge/img/news/news129.jpg]
[www.radiustheme.com/demo/html/newsedge/newsedge/img/news/news130.jpg]
[www.radiustheme.com/demo/html/newsedge/newsedge/img/news/news131.jpg]
[www.radiustheme.com/demo/html/newsedge/newsedge/img/news/news87.jpg]
[www.radiustheme.com/demo/html/newsedge/newsedge/img/news/news88.jpg]
[www.radiustheme.com/demo/html/newsedge/newsedge/img/news/news89.jpg]
[www.radiustheme.com/demo/html/newsedge/newsedge/img/news/news90.jpg]
[www.radiustheme.com/demo/html/newsedge/newsedge/img/news/news47.jpg]
[www.radiustheme.com/demo/html/newsedge/newsedge/img/news/news97.jpg]
[www.radiustheme.com/demo/html/newsedge/newsedge/img/news/news98.jpg]
[www.radiustheme.com/demo/html/newsedge/newsedge/img/news/news99.jpg]
[www.radiustheme.com/demo/html/newsedge/newsedge/img/news/news100.jpg]
[www.radiustheme.com/demo/html/newsedge/newsedge/img/news/news104.jpg]
[www.radiustheme.com/demo/html/newsedge/newsedge/img/news/news101.jpg]
[www.radiustheme.com/demo/html/newsedge/newsedge/img/news/news102.jpg]
[www.radiustheme.com/demo/html/newsedge/newsedge/img/news/news103.jpg]
[www.radiustheme.com/demo/html/newsedge/newsedge/img/news/news91.jpg]
[www.radiustheme.com/demo/html/newsedge/newsedge/img/news/news92.jpg]
[www.radiustheme.com/demo/html/newsedge/newsedge/img/news/news93.jpg]
[www.radiustheme.com/demo/html/newsedge/newsedge/img/news/news94.jpg]
[www.radiustheme.com/demo/html/newsedge/newsedge/img/news/news95.jpg]
[www.radiustheme.com/demo/html/newsedge/newsedge/img/news/news96.jpg]
[www.radiustheme.com/demo/html/newsedge/newsedge/img/news/news105.jpg]
[www.radiustheme.com/demo/html/newsedge/newsedge/img/news/news106.jpg]
[www.radiustheme.com/demo/html/newsedge/newsedge/img/news/news107.jpg]
[www.radiustheme.com/demo/html/newsedge/newsedge/img/news/news108.jpg]
[www.radiustheme.com/demo/html/newsedge/newsedge/img/news/news109.jpg]
[www.radiustheme.com/demo/html/newsedge/newsedge/img/news/news110.jpg]
[www.radiustheme.com/demo/html/newsedge/newsedge/img/news/news111.jpg]
[www.radiustheme.com/demo/html/newsedge/newsedge/img/news/news112.jpg]
[www.radiustheme.com/demo/html/newsedge/newsedge/img/news/news113.jpg]
[www.radiustheme.com/demo/html/newsedge/newsedge/img/news/news114.jpg]
[www.radiustheme.com/demo/html/newsedge/newsedge/img/news/news115.jpg]
[www.radiustheme.com/demo/html/newsedge/newsedge/img/news/news116.jpg]
[www.radiustheme.com/demo/html/newsedge/newsedge/img/news/news123.jpg]
[www.radiustheme.com/demo/html/newsedge/newsedge/img/news/news124.jpg]
[www.radiustheme.com/demo/html/newsedge/newsedge/img/news/news125.jpg]
[www.radiustheme.com/demo/html/newsedge/newsedge/img/news/news126.jpg]
[www.radiustheme.com/demo/html/newsedge/newsedge/img/news/news127.jpg]
[www.radiustheme.com/demo/html/newsedge/newsedge/img/news/news117.jpg]
[www.radiustheme.com/demo/html/newsedge/newsedge/img/news/news118.jpg]
[www.radiustheme.com/demo/html/newsedge/newsedge/img/news/news119.jpg]
[www.radiustheme.com/demo/html/newsedge/newsedge/img/news/news121.jpg]
[www.radiustheme.com/demo/html/newsedge/newsedge/index3.html]
[www.radiustheme.com/demo/html/newsedge/newsedge/img/banner/section-background.png]
[www.radiustheme.com/demo/html/newsedge/newsedge/img/news/news200.jpg]
[www.radiustheme.com/demo/html/newsedge/newsedge/img/news/news201.jpg]
[www.radiustheme.com/demo/html/newsedge/newsedge/img/news/news202.jpg]
[www.radiustheme.com/demo/html/newsedge/newsedge/img/news/news203.jpg]
[www.radiustheme.com/demo/html/newsedge/newsedge/img/news/news204.jpg]
[www.radiustheme.com/demo/html/newsedge/newsedge/img/news/news205.jpg]
[www.radiustheme.com/demo/html/newsedge/newsedge/img/news/news206.jpg]
[www.radiustheme.com/demo/html/newsedge/newsedge/img/news/news207.jpg]
[www.radiustheme.com/demo/html/newsedge/newsedge/img/news/news208.jpg]
[www.radiustheme.com/demo/html/newsedge/newsedge/img/news/news209.jpg]
[www.radiustheme.com/demo/html/newsedge/newsedge/img/news/news210.jpg]
[www.radiustheme.com/demo/html/newsedge/newsedge/img/news/news211.jpg]
[www.radiustheme.com/demo/html/newsedge/newsedge/img/news/news212.jpg]
[www.radiustheme.com/demo/html/newsedge/newsedge/img/news/news213.jpg]
[www.radiustheme.com/demo/html/newsedge/newsedge/img/news/news214.jpg]
[www.radiustheme.com/demo/html/newsedge/newsedge/img/news/news224.jpg]
[www.radiustheme.com/demo/html/newsedge/newsedge/img/news/news225.jpg]
[www.radiustheme.com/demo/html/newsedge/newsedge/img/news/news226.jpg]
[www.radiustheme.com/demo/html/newsedge/newsedge/img/news/news227.jpg]
[www.radiustheme.com/demo/html/newsedge/newsedge/img/news/news219.jpg]
[www.radiustheme.com/demo/html/newsedge/newsedge/img/news/news220.jpg]
[www.radiustheme.com/demo/html/newsedge/newsedge/img/news/news221.jpg]
[www.radiustheme.com/demo/html/newsedge/newsedge/img/news/news222.jpg]
[www.radiustheme.com/demo/html/newsedge/newsedge/img/news/news223.jpg]
[www.radiustheme.com/demo/html/newsedge/newsedge/img/banner/video-back1.jpg]
[www.radiustheme.com/demo/html/newsedge/newsedge/img/news/news215.jpg]
[www.radiustheme.com/demo/html/newsedge/newsedge/img/news/news216.jpg]
[www.radiustheme.com/demo/html/newsedge/newsedge/img/news/news217.jpg]
[www.radiustheme.com/demo/html/newsedge/newsedge/img/news/news218.jpg]
[www.radiustheme.com/demo/html/newsedge/newsedge/index4.html]
[www.radiustheme.com/demo/html/newsedge/newsedge/img/news/news228.jpg]
[www.radiustheme.com/demo/html/newsedge/newsedge/img/news/news229.jpg]
[www.radiustheme.com/demo/html/newsedge/newsedge/img/news/news230.jpg]
[www.radiustheme.com/demo/html/newsedge/newsedge/img/news/news231.jpg]
[www.radiustheme.com/demo/html/newsedge/newsedge/img/news/news232.jpg]
[www.radiustheme.com/demo/html/newsedge/newsedge/img/news/news234.jpg]
[www.radiustheme.com/demo/html/newsedge/newsedge/img/news/news235.jpg]
[www.radiustheme.com/demo/html/newsedge/newsedge/img/news/news236.jpg]
[www.radiustheme.com/demo/html/newsedge/newsedge/img/news/news237.jpg]
[www.radiustheme.com/demo/html/newsedge/newsedge/img/news/news238.jpg]
[www.radiustheme.com/demo/html/newsedge/newsedge/img/news/news239.jpg]
[www.radiustheme.com/demo/html/newsedge/newsedge/img/news/news240.jpg]
[www.radiustheme.com/demo/html/newsedge/newsedge/img/news/news241.jpg]
[www.radiustheme.com/demo/html/newsedge/newsedge/img/news/news244.jpg]
[www.radiustheme.com/demo/html/newsedge/newsedge/img/news/news245.jpg]
[www.radiustheme.com/demo/html/newsedge/newsedge/img/news/news242.jpg]
[www.radiustheme.com/demo/html/newsedge/newsedge/img/news/news243.jpg]
[www.radiustheme.com/demo/html/newsedge/newsedge/img/news/news246.jpg]
[www.radiustheme.com/demo/html/newsedge/newsedge/img/news/news247.jpg]
[www.radiustheme.com/demo/html/newsedge/newsedge/img/news/news254.jpg]
[www.radiustheme.com/demo/html/newsedge/newsedge/img/news/news255.jpg]
[www.radiustheme.com/demo/html/newsedge/newsedge/img/news/news256.jpg]
[www.radiustheme.com/demo/html/newsedge/newsedge/img/news/news257.jpg]
[www.radiustheme.com/demo/html/newsedge/newsedge/img/news/news233.jpg]
[www.radiustheme.com/demo/html/newsedge/newsedge/img/news/news250.jpg]
[www.radiustheme.com/demo/html/newsedge/newsedge/img/news/news251.jpg]
[www.radiustheme.com/demo/html/newsedge/newsedge/img/news/news252.jpg]
[www.radiustheme.com/demo/html/newsedge/newsedge/img/news/news253.jpg]
[www.radiustheme.com/demo/html/newsedge/newsedge/img/banner/video-back2.jpg]
[www.radiustheme.com/demo/html/newsedge/newsedge/img/news/news258.jpg]
[www.radiustheme.com/demo/html/newsedge/newsedge/img/news/news259.jpg]
[www.radiustheme.com/demo/html/newsedge/newsedge/img/news/news260.jpg]
[www.radiustheme.com/demo/html/newsedge/newsedge/img/news/news261.jpg]
[www.radiustheme.com/demo/html/newsedge/newsedge/img/news/news265.jpg]
[www.radiustheme.com/demo/html/newsedge/newsedge/img/news/news266.jpg]
[www.radiustheme.com/demo/html/newsedge/newsedge/img/news/news267.jpg]
[www.radiustheme.com/demo/html/newsedge/newsedge/img/news/news268.jpg]
[www.radiustheme.com/demo/html/newsedge/newsedge/img/news/news269.jpg]
[www.radiustheme.com/demo/html/newsedge/newsedge/img/news/news262.jpg]
[www.radiustheme.com/demo/html/newsedge/newsedge/img/news/news263.jpg]
[www.radiustheme.com/demo/html/newsedge/newsedge/img/news/news264.jpg]
[www.radiustheme.com/demo/html/newsedge/newsedge/index5.html]
[www.radiustheme.com/demo/html/newsedge/newsedge/img/banner/banner1.jpg]
[www.radiustheme.com/demo/html/newsedge/newsedge/img/news/news288.jpg]
[www.radiustheme.com/demo/html/newsedge/newsedge/img/news/news289.jpg]
[www.radiustheme.com/demo/html/newsedge/newsedge/img/news/news290.jpg]
[www.radiustheme.com/demo/html/newsedge/newsedge/img/news/news278.jpg]
[www.radiustheme.com/demo/html/newsedge/newsedge/img/news/news279.jpg]
[www.radiustheme.com/demo/html/newsedge/newsedge/img/news/news280.jpg]
[www.radiustheme.com/demo/html/newsedge/newsedge/img/news/news281.jpg]
[www.radiustheme.com/demo/html/newsedge/newsedge/img/banner/banner12.jpg]
[www.radiustheme.com/demo/html/newsedge/newsedge/img/news/news283.jpg]
[www.radiustheme.com/demo/html/newsedge/newsedge/img/news/news284.jpg]
[www.radiustheme.com/demo/html/newsedge/newsedge/img/news/news285.jpg]
[www.radiustheme.com/demo/html/newsedge/newsedge/img/news/news282.jpg]
[www.radiustheme.com/demo/html/newsedge/newsedge/img/news/news286.jpg]
[www.radiustheme.com/demo/html/newsedge/newsedge/img/news/news287.jpg]
[www.radiustheme.com/demo/html/newsedge/newsedge/img/news/news274.jpg]
[www.radiustheme.com/demo/html/newsedge/newsedge/img/news/news275.jpg]
[www.radiustheme.com/demo/html/newsedge/newsedge/img/news/news276.jpg]
[www.radiustheme.com/demo/html/newsedge/newsedge/img/news/news277.jpg]
[www.radiustheme.com/demo/html/newsedge/newsedge/img/category/ctg7.jpg]
[www.radiustheme.com/demo/html/newsedge/newsedge/img/category/ctg8.jpg]
[www.radiustheme.com/demo/html/newsedge/newsedge/img/category/ctg9.jpg]
[www.radiustheme.com/demo/html/newsedge/newsedge/img/news/news270.jpg]
[www.radiustheme.com/demo/html/newsedge/newsedge/img/news/news271.jpg]
[www.radiustheme.com/demo/html/newsedge/newsedge/img/news/news272.jpg]
[www.radiustheme.com/demo/html/newsedge/newsedge/img/news/news273.jpg]
[www.radiustheme.com/demo/html/newsedge/newsedge/img/banner/banner5.jpg]
[www.radiustheme.com/demo/html/newsedge/newsedge/index6.html]
[www.radiustheme.com/demo/html/newsedge/newsedge/vendor/slider/css/nivo-slider.css]
[www.radiustheme.com/demo/html/newsedge/newsedge/vendor/slider/css/preview.css]
[www.radiustheme.com/demo/html/newsedge/newsedge/img/banner/slide1.jpg]
[www.radiustheme.com/demo/html/newsedge/newsedge/img/banner/slide2.jpg]
[www.radiustheme.com/demo/html/newsedge/newsedge/img/banner/slide3.jpg]
[www.radiustheme.com/demo/html/newsedge/newsedge/img/news/news309.jpg]
[www.radiustheme.com/demo/html/newsedge/newsedge/img/news/news310.jpg]
[www.radiustheme.com/demo/html/newsedge/newsedge/img/news/news311.jpg]
[www.radiustheme.com/demo/html/newsedge/newsedge/img/news/news312.jpg]
[www.radiustheme.com/demo/html/newsedge/newsedge/img/news/news304.jpg]
[www.radiustheme.com/demo/html/newsedge/newsedge/img/news/news305.jpg]
[www.radiustheme.com/demo/html/newsedge/newsedge/img/news/news306.jpg]
[www.radiustheme.com/demo/html/newsedge/newsedge/img/news/news308.jpg]
[www.radiustheme.com/demo/html/newsedge/newsedge/img/news/news313.jpg]
[www.radiustheme.com/demo/html/newsedge/newsedge/img/news/news314.jpg]
[www.radiustheme.com/demo/html/newsedge/newsedge/img/news/news294.jpg]
[www.radiustheme.com/demo/html/newsedge/newsedge/img/news/news295.jpg]
[www.radiustheme.com/demo/html/newsedge/newsedge/img/news/news296.jpg]
[www.radiustheme.com/demo/html/newsedge/newsedge/img/news/news297.jpg]
[www.radiustheme.com/demo/html/newsedge/newsedge/img/news/news298.jpg]
[www.radiustheme.com/demo/html/newsedge/newsedge/img/news/news299.jpg]
[www.radiustheme.com/demo/html/newsedge/newsedge/img/news/news300.jpg]
[www.radiustheme.com/demo/html/newsedge/newsedge/img/news/news302.jpg]
[www.radiustheme.com/demo/html/newsedge/newsedge/img/news/news303.jpg]
[www.radiustheme.com/demo/html/newsedge/newsedge/img/news/news291.jpg]
[www.radiustheme.com/demo/html/newsedge/newsedge/img/news/news292.jpg]
[www.radiustheme.com/demo/html/newsedge/newsedge/img/news/news293.jpg]
[www.radiustheme.com/demo/html/newsedge/newsedge/img/category/ctg10.jpg]
[www.radiustheme.com/demo/html/newsedge/newsedge/img/category/ctg11.jpg]
[www.radiustheme.com/demo/html/newsedge/newsedge/img/category/ctg12.jpg]
[www.radiustheme.com/demo/html/newsedge/newsedge/img/category/ctg13.jpg]
[www.radiustheme.com/demo/html/newsedge/newsedge/img/category/ctg14.jpg]
[www.radiustheme.com/demo/html/newsedge/newsedge/img/category/ctg15.jpg]
[www.radiustheme.com/demo/html/newsedge/newsedge/vendor/slider/js/jquery.nivo.slider.js]
[www.radiustheme.com/demo/html/newsedge/newsedge/vendor/slider/home.js]
[www.radiustheme.com/demo/html/newsedge/newsedge/index7.html]
[www.radiustheme.com/demo/html/newsedge/newsedge/img/banner/breadcrumbs-banner.jpg]
[www.radiustheme.com/demo/html/newsedge/newsedge/img/author.jpg]
[www.radiustheme.com/demo/html/newsedge/newsedge/img/news/news132.jpg]
[www.radiustheme.com/demo/html/newsedge/newsedge/img/news/news133.jpg]
[www.radiustheme.com/demo/html/newsedge/newsedge/img/news/news134.jpg]
[www.radiustheme.com/demo/html/newsedge/newsedge/img/news/news135.jpg]
[www.radiustheme.com/demo/html/newsedge/newsedge/img/news/news136.jpg]
[www.radiustheme.com/demo/html/newsedge/newsedge/img/news/news137.jpg]
[www.radiustheme.com/demo/html/newsedge/newsedge/img/news/news138.jpg]
[www.radiustheme.com/demo/html/newsedge/newsedge/img/news/news139.jpg]
[www.radiustheme.com/demo/html/newsedge/newsedge/author-post.html]
[www.radiustheme.com/demo/html/newsedge/newsedge/css/select2.min.css]
[www.radiustheme.com/demo/html/newsedge/newsedge/img/news/news140.jpg]
[www.radiustheme.com/demo/html/newsedge/newsedge/img/news/news141.jpg]
[www.radiustheme.com/demo/html/newsedge/newsedge/img/news/news142.jpg]
[www.radiustheme.com/demo/html/newsedge/newsedge/img/news/news143.jpg]
[www.radiustheme.com/demo/html/newsedge/newsedge/img/news/news144.jpg]
[www.radiustheme.com/demo/html/newsedge/newsedge/img/news/news145.jpg]
[www.radiustheme.com/demo/html/newsedge/newsedge/js/select2.min.js]
[www.radiustheme.com/demo/html/newsedge/newsedge/archive.html]
[www.radiustheme.com/demo/html/newsedge/newsedge/img/news/news162.jpg]
[www.radiustheme.com/demo/html/newsedge/newsedge/img/news/news163.jpg]
[www.radiustheme.com/demo/html/newsedge/newsedge/img/news/news164.jpg]
[www.radiustheme.com/demo/html/newsedge/newsedge/img/news/news165.jpg]
[www.radiustheme.com/demo/html/newsedge/newsedge/img/news/news166.jpg]
[www.radiustheme.com/demo/html/newsedge/newsedge/img/news/news167.jpg]
[www.radiustheme.com/demo/html/newsedge/newsedge/img/news/news168.jpg]
[www.radiustheme.com/demo/html/newsedge/newsedge/img/news/news169.jpg]
[www.radiustheme.com/demo/html/newsedge/newsedge/img/news/news170.jpg]
[www.radiustheme.com/demo/html/newsedge/newsedge/gallery-style-1.html]
[www.radiustheme.com/demo/html/newsedge/newsedge/img/news/news189.jpg]
[www.radiustheme.com/demo/html/newsedge/newsedge/img/news/news190.jpg]
[www.radiustheme.com/demo/html/newsedge/newsedge/img/news/news191.jpg]
[www.radiustheme.com/demo/html/newsedge/newsedge/img/news/news192.jpg]
[www.radiustheme.com/demo/html/newsedge/newsedge/img/news/news193.jpg]
[www.radiustheme.com/demo/html/newsedge/newsedge/img/news/news194.jpg]
[www.radiustheme.com/demo/html/newsedge/newsedge/img/news/news195.jpg]
[www.radiustheme.com/demo/html/newsedge/newsedge/img/news/news196.jpg]
[www.radiustheme.com/demo/html/newsedge/newsedge/js/masonry.pkgd.min.js]
[www.radiustheme.com/demo/html/newsedge/newsedge/gallery-style-2.html]
[www.radiustheme.com/demo/html/newsedge/newsedge/img/404.png]
[www.radiustheme.com/demo/html/newsedge/newsedge/404.html]
[www.radiustheme.com/demo/html/newsedge/newsedge/post-style-1.html]
[www.radiustheme.com/demo/html/newsedge/newsedge/img/news/news146.jpg]
[www.radiustheme.com/demo/html/newsedge/newsedge/img/news/news147.jpg]
[www.radiustheme.com/demo/html/newsedge/newsedge/img/news/news148.jpg]
[www.radiustheme.com/demo/html/newsedge/newsedge/img/news/news149.jpg]
[www.radiustheme.com/demo/html/newsedge/newsedge/img/news/news150.jpg]
[www.radiustheme.com/demo/html/newsedge/newsedge/img/news/news151.jpg]
[www.radiustheme.com/demo/html/newsedge/newsedge/img/news/news152.jpg]
[www.radiustheme.com/demo/html/newsedge/newsedge/img/news/news153.jpg]
[www.radiustheme.com/demo/html/newsedge/newsedge/post-style-2.html]
[www.radiustheme.com/demo/html/newsedge/newsedge/img/news/news154.jpg]
[www.radiustheme.com/demo/html/newsedge/newsedge/img/news/news155.jpg]
[www.radiustheme.com/demo/html/newsedge/newsedge/single-news-4.1a4.delayed]
[www.radiustheme.com/demo/html/newsedge/newsedge/img/news/news156.jpg]
[www.radiustheme.com/demo/html/newsedge/newsedge/img/news/news157.jpg]
[www.radiustheme.com/demo/html/newsedge/newsedge/img/news/news120.jpg]
[www.radiustheme.com/demo/html/newsedge/newsedge/post-style-3.html]
[www.radiustheme.com/demo/html/newsedge/newsedge/img/news/news158.jpg]
[www.radiustheme.com/demo/html/newsedge/newsedge/img/news/news159.jpg]
[www.radiustheme.com/demo/html/newsedge/newsedge/img/news/news160.jpg]
[www.radiustheme.com/demo/html/newsedge/newsedge/img/news/news161.jpg]
[www.radiustheme.com/demo/html/newsedge/newsedge/post-style-4.html]
[www.radiustheme.com/demo/html/newsedge/newsedge/img/news/news177.jpg]
[www.radiustheme.com/demo/html/newsedge/newsedge/img/news/news178.jpg]
[www.radiustheme.com/demo/html/newsedge/newsedge/img/blog1.jpg]
[www.radiustheme.com/demo/html/newsedge/newsedge/img/blog2.jpg]
[www.radiustheme.com/demo/html/newsedge/newsedge/img/news/news171.jpg]
[www.radiustheme.com/demo/html/newsedge/newsedge/img/news/news172.jpg]
[www.radiustheme.com/demo/html/newsedge/newsedge/img/news/news173.jpg]
[www.radiustheme.com/demo/html/newsedge/newsedge/img/news/news174.jpg]
[www.radiustheme.com/demo/html/newsedge/newsedge/img/news/news175.jpg]
[www.radiustheme.com/demo/html/newsedge/newsedge/img/news/news176.jpg]
[www.radiustheme.com/demo/html/newsedge/newsedge/single-news-1.html]
[www.radiustheme.com/demo/html/newsedge/newsedge/img/news/news179.jpg]
[www.radiustheme.com/demo/html/newsedge/newsedge/img/news/news180.jpg]
[www.radiustheme.com/demo/html/newsedge/newsedge/img/news/news181.jpg]
[www.radiustheme.com/demo/html/newsedge/newsedge/img/news/news182-1.jpg]
[www.radiustheme.com/demo/html/newsedge/newsedge/img/news/news182-2.jpg]
[www.radiustheme.com/demo/html/newsedge/newsedge/img/news/news182-3.jpg]
[www.radiustheme.com/demo/html/newsedge/newsedge/img/news/news182-4.jpg]
[www.radiustheme.com/demo/html/newsedge/newsedge/img/news/news182-5.jpg]
[www.radiustheme.com/demo/html/newsedge/newsedge/img/news/news184.jpg]
[www.radiustheme.com/demo/html/newsedge/newsedge/img/news/news185.jpg]
[www.radiustheme.com/demo/html/newsedge/newsedge/img/news/news186.jpg]
[www.radiustheme.com/demo/html/newsedge/newsedge/img/news/news187.jpg]
[www.radiustheme.com/demo/html/newsedge/newsedge/img/news/news188.jpg]
[www.radiustheme.com/demo/html/newsedge/newsedge/single-news-2.html]
[www.radiustheme.com/demo/html/newsedge/newsedge/img/news/news183.jpg]
[www.radiustheme.com/demo/html/newsedge/newsedge/single-news-3.html]
[www.radiustheme.com/demo/html/newsedge/newsedge/js/validator.min.js]
[www.radiustheme.com/demo/html/newsedge/newsedge/contact.html]
[www.radiustheme.com/demo/html/newsedge/newsedge/gallery-style1.html]
[www.radiustheme.com/demo/html/newsedge/newsedge/gallery-style2.html]
[www.radiustheme.com/demo/html/newsedge/newsedge/index8.html]
[www.radiustheme.com/demo/html/newsedge/newsedge/single-news-4.html]
[www.radiustheme.com/demo/html/newsedge/css/normalize.css]
[www.radiustheme.com/demo/html/newsedge/css/main.css]
[www.radiustheme.com/demo/html/newsedge/fonts/glyphicons-halflings-regular.eot]
[www.radiustheme.com/demo/html/newsedge/fonts/glyphicons-halflings-regular.1c8.delayed]
[www.radiustheme.com/demo/html/newsedge/css/bootstrap.min.css]
[www.radiustheme.com/demo/html/newsedge/css/animate.min.css]
[www.radiustheme.com/demo/html/newsedge/fonts/fontawesome-webfont3295.eot]
[www.radiustheme.com/demo/html/newsedge/fonts/fontawesome-webfont3295.woff]
[www.radiustheme.com/demo/html/newsedge/fonts/fontawesome-webfont3295.ttf]
[www.radiustheme.com/demo/html/newsedge/css/font-awesome.min.css]
[www.radiustheme.com/demo/html/newsedge/css/meanmenu.min.css]
[www.radiustheme.com/demo/html/newsedge/css/hover-min.css]
[www.radiustheme.com/demo/html/newsedge/style.css]
[www.radiustheme.com/demo/html/newsedge/newsedge/css/normalize.css]
[www.radiustheme.com/demo/html/newsedge/newsedge/css/main.css]
[www.radiustheme.com/demo/html/newsedge/newsedge/css/bootstrap.min.css]
[www.radiustheme.com/demo/html/newsedge/newsedge/css/animate.min.css]
[www.radiustheme.com/demo/html/newsedge/newsedge/fonts/fontawesome-webfont3295.eot]
[www.radiustheme.com/demo/html/newsedge/newsedge/fonts/fontawesome-webfont3295.eot]
[www.radiustheme.com/demo/html/newsedge/newsedge/fonts/fontawesome-webfont3295.ttf]
[www.radiustheme.com/demo/html/newsedge/newsedge/css/font-awesome.min.css]
[www.radiustheme.com/demo/html/newsedge/newsedge/vendor/OwlCarousel/owl.video.play.png]
[www.radiustheme.com/demo/html/newsedge/newsedge/vendor/OwlCarousel/owl.carousel.min.css]
[www.radiustheme.com/demo/html/newsedge/newsedge/vendor/OwlCarousel/owl.theme.default.min.css]
[www.radiustheme.com/demo/html/newsedge/newsedge/css/meanmenu.min.css]
[www.radiustheme.com/demo/html/newsedge/newsedge/css/magnific-popup.css]
[www.radiustheme.com/demo/html/newsedge/newsedge/css/hover-min.css]
[www.radiustheme.com/demo/html/newsedge/newsedge/style.css]
[www.radiustheme.com/demo/html/newsedge/newsedge/css/ie-only.css]
[www.radiustheme.com/demo/html/newsedge/newsedge/vendor/slider/css/nivo-slider.css]
[www.radiustheme.com/demo/html/newsedge/newsedge/vendor/slider/css/preview.css]
[www.radiustheme.com/demo/html/newsedge/newsedge/css/select2.min.css]
[www.radiustheme.com/demo/html/newsedge/newsedge/single-news-4.html]
[www.radiustheme.com/demo/html/newsedge/fonts/glyphicons-halflings-regular.svg]
[www.radiustheme.com/demo/html/newsedge/fonts/fontawesome-webfont3295.html]
[www.radiustheme.com/demo/html/newsedge/newsedge/img/news/news122.jpg]
[www.radiustheme.com/demo/html/newsedge/newsedge/fonts/fontawesome-webfontd41d.eot]
[www.radiustheme.com/demo/html/newsedge/fonts/glyphicons-halflings-regular.ttf]
[www.radiustheme.com/demo/html/newsedge/fonts/glyphicons-halflings-regulard41d.eot]
[www.radiustheme.com/demo/html/newsedge/fonts/fontawesome-webfontd41d.eot]
[www.radiustheme.com/demo/html/newsedge/newsedge/fonts/fontawesome-webfont3295.svg]
[www.radiustheme.com/demo/html/newsedge/newsedge/fonts/fontawesome-webfont3295.woff]
[www.radiustheme.com/demo/html/newsedge/newsedge/img/news/news301.jpg]
[www.radiustheme.com/demo/html/newsedge/fonts/glyphicons-halflings-regular.woff2]
[www.radiustheme.com/demo/html/newsedge/fonts/fontawesome-webfont3295.svg]
[www.radiustheme.com/demo/html/newsedge/newsedge/fonts/fontawesome-webfont3295.woff2]
