[backblue.gif]
[fade.gif]
[index.html]
[external.html]
[punicatheme.com/demo/unicmag/html/index.html]
[fonts.googleapis.com/cssff1c.css]
[fonts.googleapis.com/css9cba.css]
[fonts.googleapis.com/cssff1c.css]
[fonts.googleapis.com/css9cba.css]
[punicatheme.com/demo/unicmag/html/index-2.html]
[punicatheme.com/demo/unicmag/html/index-eislider.html]
[punicatheme.com/demo/unicmag/html/index-flexslider.html]
[punicatheme.com/demo/unicmag/html/category-1.html]
[punicatheme.com/demo/unicmag/html/category-2.html]
[punicatheme.com/demo/unicmag/html/category-3.html]
[punicatheme.com/demo/unicmag/html/category-4.html]
[punicatheme.com/demo/unicmag/html/single.html]
[punicatheme.com/demo/unicmag/html/single-audio.html]
[punicatheme.com/demo/unicmag/html/single-gallery.html]
[punicatheme.com/demo/unicmag/html/single-video.html]
[punicatheme.com/demo/unicmag/html/search.html]
[punicatheme.com/demo/unicmag/html/404.html]
[punicatheme.com/demo/unicmag/html/elements.html]
[punicatheme.com/demo/unicmag/html/shop.html]
[punicatheme.com/demo/unicmag/html/single-product.html]
[punicatheme.com/demo/unicmag/html/contact.html]
[schema.org/InStock.html]
[schema.org/InStock.html]
[schema.org/ItemAvailability.html]
[schema.org/ItemAvailability.html]
[punicatheme.com/demo/unicmag/html/fonts/glyphicons-halflings-regular.eot]
[punicatheme.com/demo/unicmag/html/img/apple-touch-icon-72x72.png]
[punicatheme.com/demo/unicmag/html/img/apple-touch-icon.png]
[punicatheme.com/demo/unicmag/html/img/favicon.html]
[punicatheme.com/demo/unicmag/html/js/modernizr.custom.js]
[punicatheme.com/demo/unicmag/html/fonts/glyphicons-halflings-regular.3d41d.delayed]
[punicatheme.com/demo/unicmag/html/img/apple-touch-icon-114x114.png]
[punicatheme.com/demo/unicmag/html/placeholders/banner-1.jpg]
[punicatheme.com/demo/unicmag/html/placeholders/logo.png]
[punicatheme.com/demo/unicmag/html/placeholders/post-image/post-51.jpg]
[punicatheme.com/demo/unicmag/html/placeholders/post-image/post-50.jpg]
[punicatheme.com/demo/unicmag/html/fonts/glyphicons-halflings-regular.4.delayed]
[punicatheme.com/demo/unicmag/html/placeholders/post-image/post-53.jpg]
[punicatheme.com/demo/unicmag/html/placeholders/post-image/post-52.jpg]
[punicatheme.com/demo/unicmag/html/placeholders/post-image/post-63.html]
[punicatheme.com/demo/unicmag/html/placeholders/post-image/post-64.html]
[punicatheme.com/demo/unicmag/html/placeholders/post-image/post-1.html]
[punicatheme.com/demo/unicmag/html/fonts/glyphicons-halflings-regular.5.delayed]
[punicatheme.com/demo/unicmag/html/placeholders/post-image/post-2.html]
[punicatheme.com/demo/unicmag/html/placeholders/post-image/post-5.html]
[punicatheme.com/demo/unicmag/html/placeholders/post-image/post-3.html]
[punicatheme.com/demo/unicmag/html/placeholders/post-image/post-4.html]
[punicatheme.com/demo/unicmag/html/placeholders/post-image/post-7.html]
[punicatheme.com/demo/unicmag/html/placeholders/post-image/post-6.html]
[punicatheme.com/demo/unicmag/html/fonts/glyphicons-halflings-regular.6.delayed]
[punicatheme.com/demo/unicmag/html/placeholders/post-image/post-8.html]
[punicatheme.com/demo/unicmag/html/css/bootstrap.min.css]
[punicatheme.com/demo/unicmag/html/placeholders/post-image/post-9.html]
[punicatheme.com/demo/unicmag/html/placeholders/post-image/post-10.html]
[punicatheme.com/demo/unicmag/html/placeholders/post-image/post-11.html]
[punicatheme.com/demo/unicmag/html/fonts/fontawesome-webfonte0a5.eot]
[punicatheme.com/demo/unicmag/html/placeholders/banner-2.html]
[punicatheme.com/demo/unicmag/html/placeholders/post-image/post-12.html]
[punicatheme.com/demo/unicmag/html/placeholders/post-image/post-13.html]
[punicatheme.com/demo/unicmag/html/placeholders/post-image/post-14.html]
[punicatheme.com/demo/unicmag/html/placeholders/post-image/post-15.html]
[punicatheme.com/demo/unicmag/html/placeholders/post-image/post-16.html]
[punicatheme.com/demo/unicmag/html/placeholders/post-image/post-17.html]
[punicatheme.com/demo/unicmag/html/css/font-awesome.min.css]
[punicatheme.com/demo/unicmag/html/placeholders/post-image/post-18.html]
[punicatheme.com/demo/unicmag/html/placeholders/post-image/post-19.html]
[punicatheme.com/demo/unicmag/html/css/superfish.css]
[punicatheme.com/demo/unicmag/html/placeholders/post-image/post-20.html]
[punicatheme.com/demo/unicmag/html/placeholders/post-image/post-21.html]
[punicatheme.com/demo/unicmag/html/css/owl.carousel.css]
[punicatheme.com/demo/unicmag/html/placeholders/post-image/post-22.html]
[punicatheme.com/demo/unicmag/html/placeholders/post-image/post-23.html]
[punicatheme.com/demo/unicmag/html/placeholders/post-image/post-24.html]
[punicatheme.com/demo/unicmag/html/placeholders/post-image/post-25.html]
[punicatheme.com/demo/unicmag/html/css/images/icons/loading.d.delayed]
[punicatheme.com/demo/unicmag/html/placeholders/post-image/post-26.html]
[punicatheme.com/demo/unicmag/html/css/owl.theme.css]
[punicatheme.com/demo/unicmag/html/placeholders/post-image/post-27.html]
[punicatheme.com/demo/unicmag/html/css/jquery.navgoco.css]
[punicatheme.com/demo/unicmag/html/placeholders/banner-3.html]
[punicatheme.com/demo/unicmag/html/placeholders/post-image/post-28.html]
[punicatheme.com/demo/unicmag/html/placeholders/post-image/post-29.html]
[punicatheme.com/demo/unicmag/html/placeholders/post-image/post-30.html]
[punicatheme.com/demo/unicmag/html/css/fonts/flexslider-icon.e.delayed]
[punicatheme.com/demo/unicmag/html/placeholders/footer-logo.png]
[punicatheme.com/demo/unicmag/html/images/icons/visa-icon.png]
[punicatheme.com/demo/unicmag/html/images/icons/master-card-icon.png]
[punicatheme.com/demo/unicmag/html/images/icons/discover-icon.png]
[punicatheme.com/demo/unicmag/html/css/fonts/flexslider-icond41d.eot]
[punicatheme.com/demo/unicmag/html/images/icons/paypal-icon.png]
[punicatheme.com/demo/unicmag/html/images/icons/american-express-icon.png]
[punicatheme.com/demo/unicmag/html/js/colorswitch.js]
[punicatheme.com/demo/unicmag/html/js/jquery-1.11.1.min.html]
[punicatheme.com/demo/unicmag/html/js/custom.html]
[punicatheme.com/demo/unicmag/html/js/bootstrap.min.html]
[punicatheme.com/demo/unicmag/html/placeholders/post-image/post-60.html]
[punicatheme.com/demo/unicmag/html/css/fonts/flexslider-icon.woff]
[punicatheme.com/demo/unicmag/html/placeholders/post-image/post-61.html]
[punicatheme.com/demo/unicmag/html/placeholders/post-image/post-62.html]
[punicatheme.com/demo/unicmag/html/placeholders/post-image/post-36.html]
[punicatheme.com/demo/unicmag/html/css/fonts/flexslider-icon.ttf]
[punicatheme.com/demo/unicmag/html/placeholders/post-image/post-37.html]
[punicatheme.com/demo/unicmag/html/placeholders/post-image/post-39.html]
[punicatheme.com/demo/unicmag/html/css/fonts/flexslider-icon.12.delayed]
[punicatheme.com/demo/unicmag/html/placeholders/avatar/avatar-1.html]
[punicatheme.com/demo/unicmag/html/css/flexslider.css]
[punicatheme.com/demo/unicmag/html/placeholders/post-image/post-40.html]
