[punicatheme.com/demo/unicmag/html/index.html]
[backblue.gif]
[fade.gif]
[index.html]
[punicatheme.com/demo/unicmag/html/js/modernizr.custom.js]
[punicatheme.com/demo/unicmag/html/img/favicon.ico]
[punicatheme.com/demo/unicmag/html/img/apple-touch-icon.png]
[punicatheme.com/demo/unicmag/html/img/apple-touch-icon-72x72.png]
[punicatheme.com/demo/unicmag/html/img/apple-touch-icon-114x114.png]
[fonts.googleapis.com/cssff1c.css]
[fonts.googleapis.com/css9cba.css]
[punicatheme.com/demo/unicmag/html/placeholders/banner-1.jpg]
[punicatheme.com/demo/unicmag/html/index-2.html]
[punicatheme.com/demo/unicmag/html/placeholders/logo.png]
[punicatheme.com/demo/unicmag/html/index-eislider.html]
[punicatheme.com/demo/unicmag/html/index-flexslider.html]
[punicatheme.com/demo/unicmag/html/category-1.html]
[punicatheme.com/demo/unicmag/html/category-2.html]
[punicatheme.com/demo/unicmag/html/category-3.html]
[punicatheme.com/demo/unicmag/html/category-4.html]
[punicatheme.com/demo/unicmag/html/single.html]
[punicatheme.com/demo/unicmag/html/single-audio.html]
[punicatheme.com/demo/unicmag/html/single-gallery.html]
[punicatheme.com/demo/unicmag/html/single-video.html]
[punicatheme.com/demo/unicmag/html/search.html]
[punicatheme.com/demo/unicmag/html/404.html]
[punicatheme.com/demo/unicmag/html/elements.html]
[punicatheme.com/demo/unicmag/html/shop.html]
[punicatheme.com/demo/unicmag/html/single-product.html]
[punicatheme.com/demo/unicmag/html/placeholders/post-image/post-50.jpg]
[punicatheme.com/demo/unicmag/html/placeholders/post-image/post-51.jpg]
[punicatheme.com/demo/unicmag/html/placeholders/post-image/post-52.jpg]
[punicatheme.com/demo/unicmag/html/placeholders/post-image/post-53.jpg]
[punicatheme.com/demo/unicmag/html/contact.html]
[punicatheme.com/demo/unicmag/html/placeholders/post-image/post-1.jpg]
[punicatheme.com/demo/unicmag/html/placeholders/post-image/post-63.jpg]
[punicatheme.com/demo/unicmag/html/placeholders/post-image/post-64.jpg]
[punicatheme.com/demo/unicmag/html/placeholders/post-image/post-2.jpg]
[punicatheme.com/demo/unicmag/html/placeholders/post-image/post-3.jpg]
[punicatheme.com/demo/unicmag/html/placeholders/post-image/post-4.jpg]
[punicatheme.com/demo/unicmag/html/placeholders/post-image/post-5.jpg]
[punicatheme.com/demo/unicmag/html/placeholders/post-image/post-7.jpg]
[punicatheme.com/demo/unicmag/html/placeholders/post-image/post-6.jpg]
[external.html]
[punicatheme.com/demo/unicmag/html/placeholders/post-image/post-8.jpg]
[punicatheme.com/demo/unicmag/html/placeholders/post-image/post-9.jpg]
[punicatheme.com/demo/unicmag/html/placeholders/post-image/post-10.jpg]
[punicatheme.com/demo/unicmag/html/placeholders/post-image/post-11.jpg]
[punicatheme.com/demo/unicmag/html/placeholders/banner-2.jpg]
[punicatheme.com/demo/unicmag/html/placeholders/post-image/post-12.jpg]
[punicatheme.com/demo/unicmag/html/placeholders/post-image/post-13.jpg]
[punicatheme.com/demo/unicmag/html/placeholders/post-image/post-14.jpg]
[punicatheme.com/demo/unicmag/html/placeholders/post-image/post-15.jpg]
[punicatheme.com/demo/unicmag/html/placeholders/post-image/post-16.jpg]
[punicatheme.com/demo/unicmag/html/placeholders/post-image/post-17.jpg]
[punicatheme.com/demo/unicmag/html/placeholders/post-image/post-18.jpg]
[punicatheme.com/demo/unicmag/html/placeholders/post-image/post-19.jpg]
[punicatheme.com/demo/unicmag/html/placeholders/post-image/post-20.jpg]
[punicatheme.com/demo/unicmag/html/placeholders/post-image/post-21.jpg]
[punicatheme.com/demo/unicmag/html/placeholders/post-image/post-22.jpg]
[punicatheme.com/demo/unicmag/html/placeholders/post-image/post-23.jpg]
[punicatheme.com/demo/unicmag/html/placeholders/post-image/post-24.jpg]
[punicatheme.com/demo/unicmag/html/placeholders/post-image/post-25.jpg]
[punicatheme.com/demo/unicmag/html/placeholders/post-image/post-26.jpg]
[punicatheme.com/demo/unicmag/html/placeholders/post-image/post-27.jpg]
[punicatheme.com/demo/unicmag/html/placeholders/banner-3.jpg]
[punicatheme.com/demo/unicmag/html/placeholders/post-image/post-28.jpg]
[punicatheme.com/demo/unicmag/html/placeholders/post-image/post-29.jpg]
[punicatheme.com/demo/unicmag/html/placeholders/post-image/post-30.jpg]
[punicatheme.com/demo/unicmag/html/placeholders/footer-logo.png]
[punicatheme.com/demo/unicmag/html/images/icons/visa-icon.png]
[punicatheme.com/demo/unicmag/html/images/icons/master-card-icon.png]
[punicatheme.com/demo/unicmag/html/images/icons/discover-icon.png]
[punicatheme.com/demo/unicmag/html/images/icons/american-express-icon.png]
[punicatheme.com/demo/unicmag/html/images/icons/paypal-icon.png]
[punicatheme.com/demo/unicmag/html/js/jquery-1.11.1.min.js]
[punicatheme.com/demo/unicmag/html/js/bootstrap.min.js]
[punicatheme.com/demo/unicmag/html/js/colorswitch.js]
[punicatheme.com/demo/unicmag/html/js/custom.js]
[punicatheme.com/demo/unicmag/html/index.html]
[fonts.googleapis.com/cssff1c.css]
[fonts.googleapis.com/css9cba.css]
[punicatheme.com/demo/unicmag/html/index-2.html]
[punicatheme.com/demo/unicmag/html/placeholders/post-image/post-60.jpg]
[punicatheme.com/demo/unicmag/html/placeholders/post-image/post-61.jpg]
[punicatheme.com/demo/unicmag/html/placeholders/post-image/post-62.jpg]
[punicatheme.com/demo/unicmag/html/index-eislider.html]
[punicatheme.com/demo/unicmag/html/index-flexslider.html]
[punicatheme.com/demo/unicmag/html/category-1.html]
[punicatheme.com/demo/unicmag/html/placeholders/post-image/post-36.jpg]
[punicatheme.com/demo/unicmag/html/category-2.html]
[punicatheme.com/demo/unicmag/html/category-3.html]
[punicatheme.com/demo/unicmag/html/placeholders/post-image/post-37.jpg]
[punicatheme.com/demo/unicmag/html/category-4.html]
[punicatheme.com/demo/unicmag/html/placeholders/post-image/post-39.jpg]
[punicatheme.com/demo/unicmag/html/placeholders/avatar/avatar-1.jpg]
[punicatheme.com/demo/unicmag/html/placeholders/post-image/post-40.jpg]
[punicatheme.com/demo/unicmag/html/placeholders/post-image/post-41.jpg]
[punicatheme.com/demo/unicmag/html/placeholders/post-image/post-42.jpg]
[punicatheme.com/demo/unicmag/html/placeholders/post-image/post-43.jpg]
[punicatheme.com/demo/unicmag/html/placeholders/post-image/post-44.jpg]
[punicatheme.com/demo/unicmag/html/placeholders/avatar/avatar-2.jpg]
[punicatheme.com/demo/unicmag/html/single.html]
[punicatheme.com/demo/unicmag/html/single-audio.html]
[punicatheme.com/demo/unicmag/html/placeholders/post-image/post-65.jpg]
[punicatheme.com/demo/unicmag/html/placeholders/post-image/post-66.jpg]
[punicatheme.com/demo/unicmag/html/single-gallery.html]
[punicatheme.com/demo/unicmag/html/single-video.html]
[punicatheme.com/demo/unicmag/html/search.html]
[punicatheme.com/demo/unicmag/html/404.html]
[punicatheme.com/demo/unicmag/html/elements.html]
[punicatheme.com/demo/unicmag/html/placeholders/post-image/post-45.jpg]
[punicatheme.com/demo/unicmag/html/placeholders/post-image/post-46.jpg]
[punicatheme.com/demo/unicmag/html/placeholders/post-image/post-47.jpg]
[punicatheme.com/demo/unicmag/html/placeholders/post-image/post-48.jpg]
[punicatheme.com/demo/unicmag/html/placeholders/post-image/post-49.jpg]
[punicatheme.com/demo/unicmag/html/placeholders/post-image/post-54.jpg]
[punicatheme.com/demo/unicmag/html/placeholders/post-image/post-55.jpg]
[punicatheme.com/demo/unicmag/html/placeholders/post-image/post-56.jpg]
[punicatheme.com/demo/unicmag/html/placeholders/post-image/post-57.jpg]
[punicatheme.com/demo/unicmag/html/placeholders/post-image/post-58.jpg]
[punicatheme.com/demo/unicmag/html/shop.html]
[punicatheme.com/demo/unicmag/html/placeholders/post-image/post-59.jpg]
[schema.org/InStock.html]
[punicatheme.com/demo/unicmag/html/single-product.html]
[punicatheme.com/demo/unicmag/html/js/gmaps.js]
[punicatheme.com/demo/unicmag/html/contact.html]
[schema.org/docs/schemaorg.css]
[schema.org/docs/prettify.css]
[schema.org/ItemAvailability.html]
[schema.org/InStock.html]
[schema.org/ItemAvailability.html]
[punicatheme.com/demo/unicmag/html/fonts/glyphicons-halflings-regular.76.delayed]
[punicatheme.com/demo/unicmag/html/fonts/glyphicons-halflings-regular.77d41d.delayed]
[punicatheme.com/demo/unicmag/html/fonts/glyphicons-halflings-regular.78.delayed]
[punicatheme.com/demo/unicmag/html/fonts/glyphicons-halflings-regular.79.delayed]
[punicatheme.com/demo/unicmag/html/placeholders/post-image/post-43.jpg]
[punicatheme.com/demo/unicmag/html/placeholders/post-image/post-42.jpg]
[punicatheme.com/demo/unicmag/html/fonts/glyphicons-halflings-regular.7a.delayed]
[punicatheme.com/demo/unicmag/html/css/bootstrap.min.css]
[punicatheme.com/demo/unicmag/html/placeholders/post-image/post-66.jpg]
[punicatheme.com/demo/unicmag/html/placeholders/post-image/post-45.jpg]
[punicatheme.com/demo/unicmag/html/placeholders/post-image/post-44.jpg]
[punicatheme.com/demo/unicmag/html/placeholders/post-image/post-65.jpg]
[punicatheme.com/demo/unicmag/html/placeholders/post-image/post-46.jpg]
[punicatheme.com/demo/unicmag/html/placeholders/post-image/post-47.jpg]
[punicatheme.com/demo/unicmag/html/placeholders/post-image/post-48.jpg]
[punicatheme.com/demo/unicmag/html/placeholders/post-image/post-49.jpg]
[punicatheme.com/demo/unicmag/html/placeholders/post-image/post-54.jpg]
[punicatheme.com/demo/unicmag/html/placeholders/post-image/post-55.jpg]
[punicatheme.com/demo/unicmag/html/placeholders/post-image/post-56.jpg]
[punicatheme.com/demo/unicmag/html/placeholders/post-image/post-57.jpg]
[punicatheme.com/demo/unicmag/html/fonts/fontawesome-webfonte0a5.eot]
[punicatheme.com/demo/unicmag/html/placeholders/post-image/post-59.jpg]
[punicatheme.com/demo/unicmag/html/placeholders/post-image/post-58.jpg]
[punicatheme.com/demo/unicmag/html/fonts/fontawesome-webfontd41d.eot]
[punicatheme.com/demo/unicmag/html/fonts/fontawesome-webfonte0a5.woff2]
[punicatheme.com/demo/unicmag/html/fonts/fontawesome-webfonte0a5.woff]
[punicatheme.com/demo/unicmag/html/fonts/fontawesome-webfonte0a5.ttf]
[punicatheme.com/demo/unicmag/html/css/font-awesome.min.css]
[punicatheme.com/demo/unicmag/html/images/background/menu-arrow.png]
[punicatheme.com/demo/unicmag/html/css/superfish.css]
[punicatheme.com/demo/unicmag/html/css/grabbing.png]
[punicatheme.com/demo/unicmag/html/css/owl.carousel.css]
[punicatheme.com/demo/unicmag/html/css/images/icons/loading.83.delayed]
[punicatheme.com/demo/unicmag/html/css/owl.theme.css]
[punicatheme.com/demo/unicmag/html/css/jquery.navgoco.css]
[punicatheme.com/demo/unicmag/html/css/fonts/flexslider-icon.84.delayed]
[punicatheme.com/demo/unicmag/html/css/fonts/flexslider-icon.85d41d.delayed]
[punicatheme.com/demo/unicmag/html/css/fonts/flexslider-icon.86.delayed]
[punicatheme.com/demo/unicmag/html/css/fonts/flexslider-icon.87.delayed]
[punicatheme.com/demo/unicmag/html/css/fonts/flexslider-icon.88.delayed]
[punicatheme.com/demo/unicmag/html/css/flexslider.css]
[punicatheme.com/demo/unicmag/html/images/background/switch-color-active.gif]
[punicatheme.com/demo/unicmag/html/css/color-options.css]
[punicatheme.com/demo/unicmag/html/images/background/divider-shadow.png]
[punicatheme.com/demo/unicmag/html/images/background/pattern-1.jpg]
[punicatheme.com/demo/unicmag/html/images/icons/loading.gif]
[punicatheme.com/demo/unicmag/html/images/background/pattern-2.png]
[punicatheme.com/demo/unicmag/html/style.css]
[punicatheme.com/demo/unicmag/html/placeholders/post-image/post-35.jpg]
[punicatheme.com/demo/unicmag/html/placeholders/post-image/post-31.jpg]
[punicatheme.com/demo/unicmag/html/placeholders/post-image/post-32.jpg]
[punicatheme.com/demo/unicmag/html/placeholders/post-image/post-33.jpg]
[punicatheme.com/demo/unicmag/html/placeholders/post-image/post-34.jpg]
[punicatheme.com/demo/unicmag/html/demo.css]
[punicatheme.com/demo/unicmag/html/css/responsive.css]
[punicatheme.com/demo/unicmag/html/css/skin/red.css]
[punicatheme.com/demo/unicmag/html/img/favicon.html]
[punicatheme.com/demo/unicmag/html/fonts/star.eot]
[punicatheme.com/demo/unicmag/html/fonts/stard41d.eot]
[punicatheme.com/demo/unicmag/html/fonts/star.woff]
[punicatheme.com/demo/unicmag/html/fonts/star.ttf]
[punicatheme.com/demo/unicmag/html/fonts/WooCommerce.eot]
[punicatheme.com/demo/unicmag/html/fonts/WooCommerce.woff]
[punicatheme.com/demo/unicmag/html/fonts/WooCommerced41d.eot]
[punicatheme.com/demo/unicmag/html/fonts/WooCommerce.ttf]
[punicatheme.com/demo/unicmag/html/fonts/WooCommerce.ttf]
[punicatheme.com/demo/unicmag/html/images/ajax-loader.gif]
[punicatheme.com/demo/unicmag/html/images/icons/credit-cards/visa.png]
[punicatheme.com/demo/unicmag/html/images/icons/credit-cards/mastercard.png]
[punicatheme.com/demo/unicmag/html/images/icons/credit-cards/laser.png]
[punicatheme.com/demo/unicmag/html/images/icons/credit-cards/diners.a0.delayed]
[punicatheme.com/demo/unicmag/html/images/icons/credit-cards/maestro.a1.delayed]
[punicatheme.com/demo/unicmag/html/images/icons/credit-cards/jcb.a2.delayed]
[punicatheme.com/demo/unicmag/html/images/icons/credit-cards/amex.a3.delayed]
[punicatheme.com/demo/unicmag/html/images/icons/credit-cards/discover.a4.delayed]
[punicatheme.com/demo/unicmag/html/images/ajax-loader@2x.a5.delayed]
[punicatheme.com/demo/unicmag/html/images/star.a6.delayed]
[punicatheme.com/demo/unicmag/html/css/woocommerce.css]
[schema.org/docs/schemaorg.css]
[schema.org/docs/prettify.css]
[punicatheme.com/demo/unicmag/html/fonts/glyphicons-halflings-regular.html]
[punicatheme.com/demo/unicmag/html/fonts/glyphicons-halflings-regulard41d.html]
[punicatheme.com/demo/unicmag/html/fonts/glyphicons-halflings-regular-2.html]
[punicatheme.com/demo/unicmag/html/fonts/glyphicons-halflings-regular-3.html]
[punicatheme.com/demo/unicmag/html/fonts/glyphicons-halflings-regular-4.html]
[punicatheme.com/demo/unicmag/html/fonts/fontawesome-webfonte0a5.svg]
[punicatheme.com/demo/unicmag/html/images/background/menu-arrow.html]
[punicatheme.com/demo/unicmag/html/css/grabbing.html]
[punicatheme.com/demo/unicmag/html/css/images/icons/loading.html]
[punicatheme.com/demo/unicmag/html/css/fonts/flexslider-icon.html]
[punicatheme.com/demo/unicmag/html/css/fonts/flexslider-icond41d.html]
[punicatheme.com/demo/unicmag/html/css/fonts/flexslider-icon-2.html]
[punicatheme.com/demo/unicmag/html/css/fonts/flexslider-icon-3.html]
[punicatheme.com/demo/unicmag/html/css/fonts/flexslider-icon-4.html]
[punicatheme.com/demo/unicmag/html/fonts/star.svg]
[punicatheme.com/demo/unicmag/html/fonts/WooCommerce.svg]
[punicatheme.com/demo/unicmag/html/images/ajax-loader.html]
[punicatheme.com/demo/unicmag/html/images/icons/credit-cards/visa.html]
[punicatheme.com/demo/unicmag/html/images/icons/credit-cards/mastercard.html]
[punicatheme.com/demo/unicmag/html/images/icons/credit-cards/laser.html]
[punicatheme.com/demo/unicmag/html/images/icons/credit-cards/diners.html]
[punicatheme.com/demo/unicmag/html/images/icons/credit-cards/maestro.html]
[punicatheme.com/demo/unicmag/html/images/icons/credit-cards/jcb.html]
[punicatheme.com/demo/unicmag/html/images/icons/credit-cards/amex.html]
[punicatheme.com/demo/unicmag/html/images/icons/credit-cards/discover.html]
[punicatheme.com/demo/unicmag/html/images/ajax-loader@2x.html]
[punicatheme.com/demo/unicmag/html/images/star.html]
